<?xml version="1.0" encoding="utf-8"?><testsuites name="pytest tests"><testsuite name="pytest" errors="0" failures="0" skipped="0" tests="22" time="113.569" timestamp="2026-08-22T23:12:32.029279-03:00" hostname="DESKTOP-9QT9180"><testcase classname="tests.UI.test_home.TestHome" name="test_navega_para_login" time="3.584" /><testcase classname="tests.UI.test_login.TestLogin" name="test_login_com_sucesso" time="3.306" /><testcase classname="tests.UI.test_product.TestProduct" name="test_pagina_visivel" time="3.859" /><testcase classname="tests.UI.test_product.TestProduct" name="test_adicionar_produto_ao_carrinho" time="4.344" /><testcase classname="tests.UI.test_product.TestProduct" name="test_filtro_de_pesquisa" time="4.473" /><testcase classname="tests.UI.test_product.TestProduct" name="test_acessar_detalhes_produto" time="4.329" /><testcase classname="tests.UI.test_product.TestProduct" name="test_quantidades_validas[1]" time="4.611" /><testcase classname="tests.UI.test_product.TestProduct" name="test_quantidades_validas[2]" time="4.451" /><testcase classname="tests.UI.test_product.TestProduct" name="test_quantidades_validas[10]" time="4.770" /><testcase classname="tests.UI.test_product.TestProduct" name="test_quantidades_validas[50]" time="4.783" /><testcase classname="tests.UI.test_product.TestProduct" name="test_quantidades_validas[100]" time="5.083" /><testcase classname="tests.UI.test_product.TestProduct" name="test_quantidade_exorbitante_impede_adicionar_ao_carrinho" time="9.204" /><testcase classname="tests.UI.test_product.TestProduct" name="test_realizar_review" time="4.351" /><testcase classname="tests.UI.test_product.TestProduct" name="test_review_vazio[-email@teste.com-texto]" time="13.963" /><testcase classname="tests.UI.test_product.TestProduct" name="test_review_vazio[Nome--texto]" time="9.356" /><testcase classname="tests.UI.test_product.TestProduct" name="test_review_vazio[Nome-email@teste.com-]" time="9.625" /><testcase classname="tests.UI.test_signup.TestSignup" name="test_registro_com_sucesso" time="2.685" /><testcase classname="tests.UI.test_signup.TestSignup" name="test_completar_formulario_cadastro" time="3.626" /><testcase classname="tests.UI.test_signup.TestSignup" name="test_registro_com_campos_vazios[-True]" time="2.365" /><testcase classname="tests.UI.test_signup.TestSignup" name="test_registro_com_campos_vazios[Renan Teste-False]" time="2.150" /><testcase classname="tests.UI.test_signup.TestSignup" name="test_registro_com_campos_vazios[-False]" time="2.169" /><testcase classname="tests.UI.test_signup.TestSignup" name="test_email_repetido" time="6.349" /></testsuite></testsuites>